[INFO] Scanning for projects...
[INFO] 
[INFO] ----------------------< com.perfume:perfume-shop >----------------------
[INFO] Building Perfume Shop 1.0.0
[INFO]   from pom.xml
[INFO] --------------------------------[ jar ]---------------------------------
[INFO] 
[INFO] --- jacoco:0.8.11:prepare-agent (default) @ perfume-shop ---
[INFO] argLine set to -javaagent:C:\\Users\\Hamdaan\\.m2\\repository\\org\\jacoco\\org.jacoco.agent\\0.8.11\\org.jacoco.agent-0.8.11-runtime.jar=destfile=C:\\Users\\Hamdaan\\OneDrive\\Documents\\maam\\target\\jacoco.exec
[INFO] 
[INFO] --- resources:3.3.1:resources (default-resources) @ perfume-shop ---
[INFO] Copying 3 resources from src\main\resources to target\classes
[INFO] Copying 14 resources from src\main\resources to target\classes
[INFO] 
[INFO] --- compiler:3.11.0:compile (default-compile) @ perfume-shop ---
[INFO] Nothing to compile - all classes are up to date
[INFO] ------------------------------------------------------------------------
[INFO] BUILD SUCCESS
[INFO] ------------------------------------------------------------------------
[INFO] Total time:  4.511 s
[INFO] Finished at: 2026-02-13T20:24:26+05:30
[INFO] ------------------------------------------------------------------------
